
Linker Version 8.7.7.181026
Input Object File: F:\2018-10-22 Software library(未)\第二階段\HT66F002_0025\example code\EEPROM\software_library_EEPROM_example_V1.0_0307\Output\HT8_EEPROM.OBJ
Input Object File: F:\2018-10-22 Software library(未)\第二階段\HT66F002_0025\example code\EEPROM\software_library_EEPROM_example_V1.0_0307\Output\HT8_IT.OBJ
Input Object File: F:\2018-10-22 Software library(未)\第二階段\HT66F002_0025\example code\EEPROM\software_library_EEPROM_example_V1.0_0307\Output\MAIN.OBJ

Input Library File: D:\HT-IDE3000V7.x\LIB\MATH6.LIB
Input Library File: D:\HT-IDE3000V7.x\LIB\time_mrsc.lib
Input Library File: D:\HT-IDE3000V7.x\LIB\ctype_mrsc.lib
Input Library File: D:\HT-IDE3000V7.x\LIB\math_mrsc.lib
Input Library File: D:\HT-IDE3000V7.x\LIB\stdlib_mrsc.lib
Input Library File: D:\HT-IDE3000V7.x\LIB\string_mrsc.lib


     Bank    Start     End      Length     Class    AvgIns    Name
     00h     0000h     0002h    0003h      CODE               @CODE (F:\2018-10-22 Software library(未)\第二階段\HT66F002_0025\example code\EEPROM\software_library_EEPROM_example_V1.0_0307\Output\MAIN.OBJ)
     00h     0003h     0003h    0001h      CODE               STARTSEC (F:\2018-10-22 Software library(未)\第二階段\HT66F002_0025\example code\EEPROM\software_library_EEPROM_example_V1.0_0307\Output\MAIN.OBJ)
     00h     0004h     0004h    0001h      CODE               @@INT_ISR (F:\2018-10-22 Software library(未)\第二階段\HT66F002_0025\example code\EEPROM\software_library_EEPROM_example_V1.0_0307\Output\HT8_IT.OBJ)
     00h     0008h     0008h    0001h      CODE               @@TB0_ISR (F:\2018-10-22 Software library(未)\第二階段\HT66F002_0025\example code\EEPROM\software_library_EEPROM_example_V1.0_0307\Output\HT8_IT.OBJ)
     00h     000ch     000ch    0001h      CODE               @@TB1_ISR (F:\2018-10-22 Software library(未)\第二階段\HT66F002_0025\example code\EEPROM\software_library_EEPROM_example_V1.0_0307\Output\HT8_IT.OBJ)
     00h     0010h     0010h    0001h      CODE               @@Timer_ISR (F:\2018-10-22 Software library(未)\第二階段\HT66F002_0025\example code\EEPROM\software_library_EEPROM_example_V1.0_0307\Output\HT8_IT.OBJ)
     00h     0014h     0014h    0001h      CODE               @@EEPROM_ISR (F:\2018-10-22 Software library(未)\第二階段\HT66F002_0025\example code\EEPROM\software_library_EEPROM_example_V1.0_0307\Output\HT8_IT.OBJ)
     00h     0018h     0018h    0001h      CODE               @@ADC_ISR (F:\2018-10-22 Software library(未)\第二階段\HT66F002_0025\example code\EEPROM\software_library_EEPROM_example_V1.0_0307\Output\HT8_IT.OBJ)
     00h     0019h     0028h    0010h      CODE               @EEPROM_Write (F:\2018-10-22 Software library(未)\第二階段\HT66F002_0025\example code\EEPROM\software_library_EEPROM_example_V1.0_0307\Output\HT8_EEPROM.OBJ)
     00h     0029h     0037h    000fh      CODE               @EEPROM_Read (F:\2018-10-22 Software library(未)\第二階段\HT66F002_0025\example code\EEPROM\software_library_EEPROM_example_V1.0_0307\Output\HT8_EEPROM.OBJ)
     00h     0038h     0067h    0030h      CODE               @MAIN (F:\2018-10-22 Software library(未)\第二階段\HT66F002_0025\example code\EEPROM\software_library_EEPROM_example_V1.0_0307\Output\MAIN.OBJ)
     00h     0040h     0040h    0001h      DATA     0         CTMPDATA (D:\HT-IDE3000V7.x\LIB\MATH6.LIB)
     00h     0044h     0044h    0001h      DATA     0         @EEPROM_DATA1 (F:\2018-10-22 Software library(未)\第二階段\HT66F002_0025\example code\EEPROM\software_library_EEPROM_example_V1.0_0307\Output\MAIN.OBJ)
     00h     0045h     0045h    0001h      DATA     0         @EEPROM_DATA0 (F:\2018-10-22 Software library(未)\第二階段\HT66F002_0025\example code\EEPROM\software_library_EEPROM_example_V1.0_0307\Output\MAIN.OBJ)

     Local Sections

     Bank    Start     End      Length     Class    AvgIns    Name
     00h     0044h     0044h    0000h      LOCAL    0         @DUMMY (F:\2018-10-22 Software library(未)\第二階段\HT66F002_0025\example code\EEPROM\software_library_EEPROM_example_V1.0_0307\Output\MAIN.OBJ)
     00h     0043h     0043h    0001h      LOCAL    4         _main (F:\2018-10-22 Software library(未)\第二階段\HT66F002_0025\example code\EEPROM\software_library_EEPROM_example_V1.0_0307\Output\MAIN.OBJ)
     00h     0041h     0042h    0002h      LOCAL    3         _EEPROM_Write (F:\2018-10-22 Software library(未)\第二階段\HT66F002_0025\example code\EEPROM\software_library_EEPROM_example_V1.0_0307\Output\HT8_EEPROM.OBJ)
     00h     0041h     0042h    0002h      LOCAL    2.5       _EEPROM_Read (F:\2018-10-22 Software library(未)\第二階段\HT66F002_0025\example code\EEPROM\software_library_EEPROM_example_V1.0_0307\Output\HT8_EEPROM.OBJ)

     Public Symbols Information
     Address            Public by Name
     0041h              EEPROM_Write0
     0042h              EEPROM_Write1
     0040h              RH
     0045h              _EEPROM_DATA0
     0044h              _EEPROM_DATA1
     0029h              _EEPROM_Read
     0019h              _EEPROM_Write

     Address            Public by Value
     0019h              _EEPROM_Write
     0029h              _EEPROM_Read
     0040h              RH
     0041h              EEPROM_Write0
     0042h              EEPROM_Write1
     0044h              _EEPROM_DATA1
     0045h              _EEPROM_DATA0


ROM Usage Statistics
     Size      Used     Percentage
     0800h     0059h    4%

RAM Usage Statistics
    Bank      Size      Used     Percentage
     00h       0040h     0006h    9%
     Total     0040h     0006h    9%

Use Stack Count
_main: 1

Call Tree
    @DUMMY
        _main (0)
            _EEPROM_Write (1)
            _EEPROM_Read (1)

HLINK: Program entry point at section '@CODE' (address 0) of file 'F:\2018-10-22 Software library(未)\第二階段\HT66F002_0025\example code\EEPROM\software_library_EEPROM_example_V1.0_0307\Output\MAIN.OBJ'

Total 0 error(s), Total 0 Warning(s)
